**********************
Windows PowerShell transcript start
Start time: 20231022211237
Username: LAPTOP-2UIQSQOE\ketan
RunAs User: LAPTOP-2UIQSQOE\ketan
Configuration Name: 
Machine: LAPTOP-2UIQSQOE (Microsoft Windows NT 10.0.22621.0)
Host Application: C:\Windows\System32\WindowsPowerShell\v1.0\powershell.exe -noexit -command try { . "c:\Users\ketan\AppData\Local\Programs\Microsoft VS Code\resources\app\out\vs\workbench\contrib\terminal\browser\media\shellIntegration.ps1" } catch {}
Process ID: 28228
PSVersion: 5.1.22621.2428
PSEdition: Desktop
PSCompatibleVersions: 1.0, 2.0, 3.0, 4.0, 5.0, 5.1.22621.2428
BuildVersion: 10.0.22621.2428
CLRVersion: 4.0.30319.42000
WSManStackVersion: 3.0
PSRemotingProtocolVersion: 2.3
SerializationVersion: 1.1.0.1
**********************
Transcript started, output file is c:\Users\ketan\github-classroom\FPC-advanced\fpc-advanced-classroom-1st-year-assignment-Ketan09092\set04\problem01_session.txt
PS C:\Users\ketan\github-classroom\FPC-advanced\fpc-advanced-classroom-1st-year-assignment-Ketan09092> gcc -g "c:\Users\ketan\github-classroom\FPC-advanced\fpc-advanced-classroom-1st-year-assignment-Ketan09092\set04\problem01.c" -o "c:\Users\ketan\github-classroom\FPC-advanced\fpc-advanced-classroom-1st-year-assignment-Ketan09092\set04\problem01.exe" 2>&1

PS C:\Users\ketan\github-classroom\FPC-advanced\fpc-advanced-classroom-1st-year-assignment-Ketan09092> "c:\Users\ketan\github-classroom\FPC-advanced\fpc-advanced-classroom-1st-year-assignment-Ketan09092\set04\problem01.exe"
c:\Users\ketan\github-classroom\FPC-advanced\fpc-advanced-classroom-1st-year-assignment-Ketan09092\set04\problem01.exe
PS C:\Users\ketan\github-classroom\FPC-advanced\fpc-advanced-classroom-1st-year-assignment-Ketan09092> Start-Transcript -Path "c:\Users\ketan\github-classroom\FPC-advanced\fpc-advanced-classroom-1st-year-assignment-Ketan09092\set04\problem02_session.txt"
Start-Transcript : The term 'Start-Transcript' is not recognized as the name of a cmdlet, function, script file, or 
operable program. Check the spelling of the name, or if a path was included, verify that the path is correct and try 
again.
At line:1 char:1
+ Start-Transcript -Path "c:\Users\ketan\github-classroom\FPC-advance ...
+ ~~~~~~~~~~~~~~~~~~
    + CategoryInfo          : ObjectNotFound: (Start-Transcript:String) [], CommandNotFoundException
    + FullyQualifiedErrorId : CommandNotFoundException
Start-Transcript : The term 'Start-Transcript' is not recognized as the name of a cmdlet, function, script file, or operable program. Check the spelling
of the name, or if a path was included, verify that the path is correct and try again.
At line:1 char:1
+ Start-Transcript -Path "c:\Users\ketan\github-classroom\FPC-advance ...
+ ~~~~~~~~~~~~~~~~~~
    + CategoryInfo          : ObjectNotFound: (Start-Transcript:String) [], CommandNotFoundException
    + FullyQualifiedErrorId : CommandNotFoundException

PS C:\Users\ketan\github-classroom\FPC-advanced\fpc-advanced-classroom-1st-year-assignment-Ketan09092> Start-Transcript -Path "c:\Users\ketan\github-classroom\FPC-advanced\fpc-advanced-classroom-1st-year-assignment-Ketan09092\set04\problem02_session.txt"
Transcript started, output file is c:\Users\ketan\github-classroom\FPC-advanced\fpc-advanced-classroom-1st-year-assignment-Ketan09092\set04\problem02_session.txt
PS C:\Users\ketan\github-classroom\FPC-advanced\fpc-advanced-classroom-1st-year-assignment-Ketan09092> Stop-Transcript
Transcript stopped, output file is C:\Users\ketan\github-classroom\FPC-advanced\fpc-advanced-classroom-1st-year-assignment-Ketan09092\set04\problem02_session.txt
PS C:\Users\ketan\github-classroom\FPC-advanced\fpc-advanced-classroom-1st-year-assignment-Ketan09092> git add .

PS C:\Users\ketan\github-classroom\FPC-advanced\fpc-advanced-classroom-1st-year-assignment-Ketan09092> git commit -m "committed 10/22/2023, 9:19:43 PM"

PS C:\Users\ketan\github-classroom\FPC-advanced\fpc-advanced-classroom-1st-year-assignment-Ketan09092> git push

PS C:\Users\ketan\github-classroom\FPC-advanced\fpc-advanced-classroom-1st-year-assignment-Ketan09092> Start-Transcript -Path "c:\Users\ketan\github-classroom\FPC-advanced\fpc-advanced-classroom-1st-year-assignment-Ketan09092\set04\problem02_session.txt"
Transcript started, output file is c:\Users\ketan\github-classroom\FPC-advanced\fpc-advanced-classroom-1st-year-assignment-Ketan09092\set04\problem02_session.txt
PS C:\Users\ketan\github-classroom\FPC-advanced\fpc-advanced-classroom-1st-year-assignment-Ketan09092> Stop-Transcript
Transcript stopped, output file is C:\Users\ketan\github-classroom\FPC-advanced\fpc-advanced-classroom-1st-year-assignment-Ketan09092\set04\problem02_session.txt
PS C:\Users\ketan\github-classroom\FPC-advanced\fpc-advanced-classroom-1st-year-assignment-Ketan09092> git add .

PS C:\Users\ketan\github-classroom\FPC-advanced\fpc-advanced-classroom-1st-year-assignment-Ketan09092> git commit -m "committed 10/22/2023, 9:42:37 PM"

PS C:\Users\ketan\github-classroom\FPC-advanced\fpc-advanced-classroom-1st-year-assignment-Ketan09092> git push

PS C:\Users\ketan\github-classroom\FPC-advanced\fpc-advanced-classroom-1st-year-assignment-Ketan09092> Start-Transcript -Path "c:\Users\ketan\github-classroom\FPC-advanced\fpc-advanced-classroom-1st-year-assignment-Ketan09092\set04\problem02_session.txt"
Transcript started, output file is c:\Users\ketan\github-classroom\FPC-advanced\fpc-advanced-classroom-1st-year-assignment-Ketan09092\set04\problem02_session.txt
PS C:\Users\ketan\github-classroom\FPC-advanced\fpc-advanced-classroom-1st-year-assignment-Ketan09092> gcc -g "c:\Users\ketan\github-classroom\FPC-advanced\fpc-advanced-classroom-1st-year-assignment-Ketan09092\set04\problem02.c" -o "c:\Users\ketan\github-classroom\FPC-advanced\fpc-advanced-classroom-1st-year-assignment-Ketan09092\set04\problem02.exe" 2>&1

PS C:\Users\ketan\github-classroom\FPC-advanced\fpc-advanced-classroom-1st-year-assignment-Ketan09092> "c:\Users\ketan\github-classroom\FPC-advanced\fpc-advanced-classroom-1st-year-assignment-Ketan09092\set04\problem02.exe"
c:\Users\ketan\github-classroom\FPC-advanced\fpc-advanced-classroom-1st-year-assignment-Ketan09092\set04\problem02.exe
PS C:\Users\ketan\github-classroom\FPC-advanced\fpc-advanced-classroom-1st-year-assignment-Ketan09092> Stop-Transcript
Transcript stopped, output file is C:\Users\ketan\github-classroom\FPC-advanced\fpc-advanced-classroom-1st-year-assignment-Ketan09092\set04\problem02_session.txt
PS C:\Users\ketan\github-classroom\FPC-advanced\fpc-advanced-classroom-1st-year-assignment-Ketan09092> git add .

PS C:\Users\ketan\github-classroom\FPC-advanced\fpc-advanced-classroom-1st-year-assignment-Ketan09092> git commit -m "committed 10/22/2023, 9:46:49 PM"

PS C:\Users\ketan\github-classroom\FPC-advanced\fpc-advanced-classroom-1st-year-assignment-Ketan09092> git push

PS C:\Users\ketan\github-classroom\FPC-advanced\fpc-advanced-classroom-1st-year-assignment-Ketan09092> Stop-Transcript
**********************
Windows PowerShell transcript end
End time: 20231022214746
**********************
